*** START TRAINING ***

---------------------------------------
Train Summary | Epoch 01 | Loss = 10.325
Valid Summary | Epoch 01 | Loss = 3.139
	Learning rate = 0.001000
Best model saved at 'out/models/hstasnet_20250121.pt'.
---------------------------------------
Train Summary | Epoch 02 | Loss = 9.771
Valid Summary | Epoch 02 | Loss = 3.167
	Learning rate = 0.001000
---------------------------------------
Train Summary | Epoch 03 | Loss = 9.698
Valid Summary | Epoch 03 | Loss = 3.098
	Learning rate = 0.001000
Best model saved at 'out/models/hstasnet_20250121.pt'.
---------------------------------------
Train Summary | Epoch 04 | Loss = 9.492
Valid Summary | Epoch 04 | Loss = 2.996
	Learning rate = 0.001000
Best model saved at 'out/models/hstasnet_20250121.pt'.
---------------------------------------
Train Summary | Epoch 05 | Loss = 9.303
Valid Summary | Epoch 05 | Loss = 3.013
	Learning rate = 0.001000
Solver saved at 'out/solvers/hstasnet_20250121.pkl'.
---------------------------------------
Train Summary | Epoch 06 | Loss = 9.112
Valid Summary | Epoch 06 | Loss = 2.919
	Learning rate = 0.001000
Best model saved at 'out/models/hstasnet_20250121.pt'.
---------------------------------------
Train Summary | Epoch 07 | Loss = 8.940
Valid Summary | Epoch 07 | Loss = 2.829
	Learning rate = 0.001000
Best model saved at 'out/models/hstasnet_20250121.pt'.
---------------------------------------
Train Summary | Epoch 08 | Loss = 8.843
Valid Summary | Epoch 08 | Loss = 2.908
	Learning rate = 0.001000
---------------------------------------
Train Summary | Epoch 09 | Loss = 8.796
Valid Summary | Epoch 09 | Loss = 2.825
	Learning rate = 0.001000
Best model saved at 'out/models/hstasnet_20250121.pt'.
---------------------------------------
Train Summary | Epoch 10 | Loss = 8.737
Valid Summary | Epoch 10 | Loss = 2.802
	Learning rate = 0.001000
Best model saved at 'out/models/hstasnet_20250121.pt'.
Solver saved at 'out/solvers/hstasnet_20250121.pkl'.
---------------------------------------
Train Summary | Epoch 11 | Loss = 8.690
Valid Summary | Epoch 11 | Loss = 2.836
	Learning rate = 0.001000
---------------------------------------
Train Summary | Epoch 12 | Loss = 8.638
Valid Summary | Epoch 12 | Loss = 2.797
	Learning rate = 0.001000
Best model saved at 'out/models/hstasnet_20250121.pt'.
---------------------------------------
